:***************************************************************************************************

:Программа Main

:Общая статистика

    :Всего переменных БД - 2
    :Всего переменных ВА - 0
    :Всего переменных АВ - 0
    :Всего переменных ВД - 0
    :Всего переменных ДВ - 0
    :Всего переменных РВ - 2
    :Всего внутренних переменных - 0
    :Всего переменных ПВ - 0
    :Всего переменных ПЦ - 0
    :Всего переменных ПЛ - 0
    :Всего переменных ТС - 0
    :Всего переменных ТМ - 0
    :Всего переменных ТЧ - 0
    :Всего глобальных переменных - 0
    :Всего локальных переменных - 1
    :Всего глобальных массивов - 0
    :Всего локальных массивов - 0
    :Всего глобальных констант - 0
    :Всего локальных констант - 0
    :Всего последовательностей - 0
    :Всего вызовов процедур - 2
    :Всего вызовов функций - 8

:Переменные БД

    :ВА - нет
    :АВ - нет
    :ВД - нет
    :ДВ - нет
    :РВ - 10, 500

:Внутренние переменные

    :ПВ - нет
    :ПЦ - нет
    :ПЛ - нет
    :ТС - нет
    :ТМ - нет
    :ТЧ - нет

:Глобальные переменные

    :Cтр - нет
    :Вещ64 - нет
    :Вещ32 - нет
    :Цел64 - нет
    :Цел32 - нет
    :Цел16 - нет
    :Цел8 - нет
    :Лог - нет

:Локальные переменные

    :Cтр - нет
    :Вещ64 - нет
    :Вещ32 - нет
    :Цел64 - нет
    :Цел32 - нет
    :Цел16 - нет
    :Цел8 - нет
    :Лог - isFirstOpen

:Глобальные массивы

    :Cтр - нет
    :Вещ64 - нет
    :Вещ32 - нет
    :Цел64 - нет
    :Цел32 - нет
    :Цел16 - нет
    :Цел8 - нет
    :Лог - нет

:Локальные массивы

    :Cтр - нет
    :Вещ64 - нет
    :Вещ32 - нет
    :Цел64 - нет
    :Цел32 - нет
    :Цел16 - нет
    :Цел8 - нет
    :Лог - нет

:Глобальные константы

    :Cтр - нет
    :Вещ64 - нет
    :Вещ32 - нет
    :Цел64 - нет
    :Цел32 - нет
    :Цел16 - нет
    :Цел8 - нет
    :Лог - нет

:Локальные константы

    :Cтр - нет
    :Вещ64 - нет
    :Вещ32 - нет
    :Цел64 - нет
    :Цел32 - нет
    :Цел16 - нет
    :Цел8 - нет
    :Лог - нет

:Вызовы процедур

    :Initialization
    :TestAllDevices

:Вызовы функций

    :GetTimerState
    :isMotionSensorActive
    :isSMKOpen
    :RelaysTurnOff
    :RelaysTurnOn
    :SetTimerState
    :TimerStart
    :TimerStope

:***************************************************************************************************

:Процедура ContactTestState

:Общая статистика

    :Всего переменных БД - 2
    :Всего переменных ВА - 0
    :Всего переменных АВ - 0
    :Всего переменных ВД - 0
    :Всего переменных ДВ - 0
    :Всего переменных РВ - 2
    :Всего внутренних переменных - 2
    :Всего переменных ПВ - 0
    :Всего переменных ПЦ - 0
    :Всего переменных ПЛ - 2
    :Всего переменных ТС - 0
    :Всего переменных ТМ - 0
    :Всего переменных ТЧ - 0
    :Всего глобальных переменных - 0
    :Всего локальных переменных - 0
    :Всего глобальных массивов - 0
    :Всего локальных массивов - 0
    :Всего глобальных констант - 0
    :Всего локальных констант - 0
    :Всего последовательностей - 1
    :Всего вызовов процедур - 0
    :Всего вызовов функций - 1

:Переменные БД

    :ВА - нет
    :АВ - нет
    :ВД - нет
    :ДВ - нет
    :РВ - 200, 201

:Внутренние переменные

    :ПВ - нет
    :ПЦ - нет
    :ПЛ - 200, 201
    :ТС - нет
    :ТМ - нет
    :ТЧ - нет

:Глобальные переменные

    :Cтр - нет
    :Вещ64 - нет
    :Вещ32 - нет
    :Цел64 - нет
    :Цел32 - нет
    :Цел16 - нет
    :Цел8 - нет
    :Лог - нет

:Локальные переменные

    :Cтр - нет
    :Вещ64 - нет
    :Вещ32 - нет
    :Цел64 - нет
    :Цел32 - нет
    :Цел16 - нет
    :Цел8 - нет
    :Лог - нет

:Глобальные массивы

    :Cтр - нет
    :Вещ64 - нет
    :Вещ32 - нет
    :Цел64 - нет
    :Цел32 - нет
    :Цел16 - нет
    :Цел8 - нет
    :Лог - нет

:Локальные массивы

    :Cтр - нет
    :Вещ64 - нет
    :Вещ32 - нет
    :Цел64 - нет
    :Цел32 - нет
    :Цел16 - нет
    :Цел8 - нет
    :Лог - нет

:Глобальные константы

    :Cтр - нет
    :Вещ64 - нет
    :Вещ32 - нет
    :Цел64 - нет
    :Цел32 - нет
    :Цел16 - нет
    :Цел8 - нет
    :Лог - нет

:Локальные константы

    :Cтр - нет
    :Вещ64 - нет
    :Вещ32 - нет
    :Цел64 - нет
    :Цел32 - нет
    :Цел16 - нет
    :Цел8 - нет
    :Лог - нет

:Последовательности

    :Имена - deviceId
    :deviceId - [ 200...201 ] всего элементов 2

:Вызовы функций

    :лв

:***************************************************************************************************

:Процедура Initialization

:Общая статистика

    :Всего переменных БД - 4
    :Всего переменных ВА - 0
    :Всего переменных АВ - 0
    :Всего переменных ВД - 0
    :Всего переменных ДВ - 0
    :Всего переменных РВ - 4
    :Всего внутренних переменных - 3
    :Всего переменных ПВ - 0
    :Всего переменных ПЦ - 3
    :Всего переменных ПЛ - 0
    :Всего переменных ТС - 0
    :Всего переменных ТМ - 0
    :Всего переменных ТЧ - 0
    :Всего глобальных переменных - 0
    :Всего локальных переменных - 0
    :Всего глобальных массивов - 0
    :Всего локальных массивов - 0
    :Всего глобальных констант - 0
    :Всего локальных констант - 0
    :Всего последовательностей - 2
    :Всего вызовов процедур - 0
    :Всего вызовов функций - 1

:Переменные БД

    :ВА - нет
    :АВ - нет
    :ВД - нет
    :ДВ - нет
    :РВ - 10, 50, 51, 55

:Внутренние переменные

    :ПВ - нет
    :ПЦ - 50, 51, 55
    :ПЛ - нет
    :ТС - нет
    :ТМ - нет
    :ТЧ - нет

:Глобальные переменные

    :Cтр - нет
    :Вещ64 - нет
    :Вещ32 - нет
    :Цел64 - нет
    :Цел32 - нет
    :Цел16 - нет
    :Цел8 - нет
    :Лог - нет

:Локальные переменные

    :Cтр - нет
    :Вещ64 - нет
    :Вещ32 - нет
    :Цел64 - нет
    :Цел32 - нет
    :Цел16 - нет
    :Цел8 - нет
    :Лог - нет

:Глобальные массивы

    :Cтр - нет
    :Вещ64 - нет
    :Вещ32 - нет
    :Цел64 - нет
    :Цел32 - нет
    :Цел16 - нет
    :Цел8 - нет
    :Лог - нет

:Локальные массивы

    :Cтр - нет
    :Вещ64 - нет
    :Вещ32 - нет
    :Цел64 - нет
    :Цел32 - нет
    :Цел16 - нет
    :Цел8 - нет
    :Лог - нет

:Глобальные константы

    :Cтр - нет
    :Вещ64 - нет
    :Вещ32 - нет
    :Цел64 - нет
    :Цел32 - нет
    :Цел16 - нет
    :Цел8 - нет
    :Лог - нет

:Локальные константы

    :Cтр - нет
    :Вещ64 - нет
    :Вещ32 - нет
    :Цел64 - нет
    :Цел32 - нет
    :Цел16 - нет
    :Цел8 - нет
    :Лог - нет

:Последовательности

    :Имена - constId, smkStateCodeId
    :constId - [ 50...51 ] всего элементов 2, smkStateCodeId - [ 55 ] всего элементов 1

:Вызовы функций

    :вц

:***************************************************************************************************

:Процедура LightControlAlgorithm

:Общая статистика

    :Всего переменных БД - 0
    :Всего переменных ВА - 0
    :Всего переменных АВ - 0
    :Всего переменных ВД - 0
    :Всего переменных ДВ - 0
    :Всего переменных РВ - 0
    :Всего внутренних переменных - 0
    :Всего переменных ПВ - 0
    :Всего переменных ПЦ - 0
    :Всего переменных ПЛ - 0
    :Всего переменных ТС - 0
    :Всего переменных ТМ - 0
    :Всего переменных ТЧ - 0
    :Всего глобальных переменных - 0
    :Всего локальных переменных - 2
    :Всего глобальных массивов - 0
    :Всего локальных массивов - 0
    :Всего глобальных констант - 0
    :Всего локальных констант - 0
    :Всего последовательностей - 0
    :Всего вызовов процедур - 0
    :Всего вызовов функций - 6

:Переменные БД

    :ВА - нет
    :АВ - нет
    :ВД - нет
    :ДВ - нет
    :РВ - нет

:Внутренние переменные

    :ПВ - нет
    :ПЦ - нет
    :ПЛ - нет
    :ТС - нет
    :ТМ - нет
    :ТЧ - нет

:Глобальные переменные

    :Cтр - нет
    :Вещ64 - нет
    :Вещ32 - нет
    :Цел64 - нет
    :Цел32 - нет
    :Цел16 - нет
    :Цел8 - нет
    :Лог - нет

:Локальные переменные

    :Cтр - нет
    :Вещ64 - нет
    :Вещ32 - нет
    :Цел64 - нет
    :Цел32 - нет
    :Цел16 - innerLightThreshold, outerLightThreshold
    :Цел8 - нет
    :Лог - нет

:Глобальные массивы

    :Cтр - нет
    :Вещ64 - нет
    :Вещ32 - нет
    :Цел64 - нет
    :Цел32 - нет
    :Цел16 - нет
    :Цел8 - нет
    :Лог - нет

:Локальные массивы

    :Cтр - нет
    :Вещ64 - нет
    :Вещ32 - нет
    :Цел64 - нет
    :Цел32 - нет
    :Цел16 - нет
    :Цел8 - нет
    :Лог - нет

:Глобальные константы

    :Cтр - нет
    :Вещ64 - нет
    :Вещ32 - нет
    :Цел64 - нет
    :Цел32 - нет
    :Цел16 - нет
    :Цел8 - нет
    :Лог - нет

:Локальные константы

    :Cтр - нет
    :Вещ64 - нет
    :Вещ32 - нет
    :Цел64 - нет
    :Цел32 - нет
    :Цел16 - нет
    :Цел8 - нет
    :Лог - нет

:Вызовы функций

    :GetTimerState
    :RelaysTurnOff
    :RelaysTurnOn
    :SetTimerState
    :TimerStart
    :TimerStope

:***************************************************************************************************

:Процедура TestAllDevices

:Общая статистика

    :Всего переменных БД - 2
    :Всего переменных ВА - 0
    :Всего переменных АВ - 0
    :Всего переменных ВД - 0
    :Всего переменных ДВ - 0
    :Всего переменных РВ - 2
    :Всего внутренних переменных - 2
    :Всего переменных ПВ - 0
    :Всего переменных ПЦ - 0
    :Всего переменных ПЛ - 2
    :Всего переменных ТС - 0
    :Всего переменных ТМ - 0
    :Всего переменных ТЧ - 0
    :Всего глобальных переменных - 0
    :Всего локальных переменных - 0
    :Всего глобальных массивов - 0
    :Всего локальных массивов - 0
    :Всего глобальных констант - 0
    :Всего локальных констант - 0
    :Всего последовательностей - 1
    :Всего вызовов процедур - 0
    :Всего вызовов функций - 0

:Переменные БД

    :ВА - нет
    :АВ - нет
    :ВД - нет
    :ДВ - нет
    :РВ - 200, 201

:Внутренние переменные

    :ПВ - нет
    :ПЦ - нет
    :ПЛ - 200, 201
    :ТС - нет
    :ТМ - нет
    :ТЧ - нет

:Глобальные переменные

    :Cтр - нет
    :Вещ64 - нет
    :Вещ32 - нет
    :Цел64 - нет
    :Цел32 - нет
    :Цел16 - нет
    :Цел8 - нет
    :Лог - нет

:Локальные переменные

    :Cтр - нет
    :Вещ64 - нет
    :Вещ32 - нет
    :Цел64 - нет
    :Цел32 - нет
    :Цел16 - нет
    :Цел8 - нет
    :Лог - нет

:Глобальные массивы

    :Cтр - нет
    :Вещ64 - нет
    :Вещ32 - нет
    :Цел64 - нет
    :Цел32 - нет
    :Цел16 - нет
    :Цел8 - нет
    :Лог - нет

:Локальные массивы

    :Cтр - нет
    :Вещ64 - нет
    :Вещ32 - нет
    :Цел64 - нет
    :Цел32 - нет
    :Цел16 - нет
    :Цел8 - нет
    :Лог - нет

:Глобальные константы

    :Cтр - нет
    :Вещ64 - нет
    :Вещ32 - нет
    :Цел64 - нет
    :Цел32 - нет
    :Цел16 - нет
    :Цел8 - нет
    :Лог - нет

:Локальные константы

    :Cтр - нет
    :Вещ64 - нет
    :Вещ32 - нет
    :Цел64 - нет
    :Цел32 - нет
    :Цел16 - нет
    :Цел8 - нет
    :Лог - нет

:Последовательности

    :Имена - devicesId
    :devicesId - [ 200...201 ] всего элементов 2

:***************************************************************************************************

:Процедура lighTest

:Общая статистика

    :Всего переменных БД - 1
    :Всего переменных ВА - 0
    :Всего переменных АВ - 0
    :Всего переменных ВД - 0
    :Всего переменных ДВ - 0
    :Всего переменных РВ - 1
    :Всего внутренних переменных - 3
    :Всего переменных ПВ - 0
    :Всего переменных ПЦ - 1
    :Всего переменных ПЛ - 1
    :Всего переменных ТС - 1
    :Всего переменных ТМ - 0
    :Всего переменных ТЧ - 0
    :Всего глобальных переменных - 0
    :Всего локальных переменных - 0
    :Всего глобальных массивов - 0
    :Всего локальных массивов - 0
    :Всего глобальных констант - 0
    :Всего локальных констант - 0
    :Всего последовательностей - 0
    :Всего вызовов процедур - 0
    :Всего вызовов функций - 1

:Переменные БД

    :ВА - нет
    :АВ - нет
    :ВД - нет
    :ДВ - нет
    :РВ - 41

:Внутренние переменные

    :ПВ - нет
    :ПЦ - 31
    :ПЛ - 11
    :ТС - 3
    :ТМ - нет
    :ТЧ - нет

:Глобальные переменные

    :Cтр - нет
    :Вещ64 - нет
    :Вещ32 - нет
    :Цел64 - нет
    :Цел32 - нет
    :Цел16 - нет
    :Цел8 - нет
    :Лог - нет

:Локальные переменные

    :Cтр - нет
    :Вещ64 - нет
    :Вещ32 - нет
    :Цел64 - нет
    :Цел32 - нет
    :Цел16 - нет
    :Цел8 - нет
    :Лог - нет

:Глобальные массивы

    :Cтр - нет
    :Вещ64 - нет
    :Вещ32 - нет
    :Цел64 - нет
    :Цел32 - нет
    :Цел16 - нет
    :Цел8 - нет
    :Лог - нет

:Локальные массивы

    :Cтр - нет
    :Вещ64 - нет
    :Вещ32 - нет
    :Цел64 - нет
    :Цел32 - нет
    :Цел16 - нет
    :Цел8 - нет
    :Лог - нет

:Глобальные константы

    :Cтр - нет
    :Вещ64 - нет
    :Вещ32 - нет
    :Цел64 - нет
    :Цел32 - нет
    :Цел16 - нет
    :Цел8 - нет
    :Лог - нет

:Локальные константы

    :Cтр - нет
    :Вещ64 - нет
    :Вещ32 - нет
    :Цел64 - нет
    :Цел32 - нет
    :Цел16 - нет
    :Цел8 - нет
    :Лог - нет

:Вызовы функций

    :вц

:***************************************************************************************************

:Функция GetMSUState

:Общая статистика

    :Всего переменных БД - 0
    :Всего переменных ВА - 0
    :Всего переменных АВ - 0
    :Всего переменных ВД - 0
    :Всего переменных ДВ - 0
    :Всего переменных РВ - 0
    :Всего внутренних переменных - 3
    :Всего переменных ПВ - 0
    :Всего переменных ПЦ - 3
    :Всего переменных ПЛ - 0
    :Всего переменных ТС - 0
    :Всего переменных ТМ - 0
    :Всего переменных ТЧ - 0
    :Всего глобальных переменных - 0
    :Всего локальных переменных - 2
    :Всего глобальных массивов - 0
    :Всего локальных массивов - 0
    :Всего глобальных констант - 0
    :Всего локальных констант - 0
    :Всего последовательностей - 1
    :Всего вызовов процедур - 0
    :Всего вызовов функций - 0

:Переменные БД

    :ВА - нет
    :АВ - нет
    :ВД - нет
    :ДВ - нет
    :РВ - нет

:Внутренние переменные

    :ПВ - нет
    :ПЦ - 110...112
    :ПЛ - нет
    :ТС - нет
    :ТМ - нет
    :ТЧ - нет

:Глобальные переменные

    :Cтр - нет
    :Вещ64 - нет
    :Вещ32 - нет
    :Цел64 - нет
    :Цел32 - нет
    :Цел16 - нет
    :Цел8 - нет
    :Лог - нет

:Локальные переменные

    :Cтр - нет
    :Вещ64 - нет
    :Вещ32 - нет
    :Цел64 - нет
    :Цел32 - нет
    :Цел16 - msuId, msuState
    :Цел8 - нет
    :Лог - нет

:Глобальные массивы

    :Cтр - нет
    :Вещ64 - нет
    :Вещ32 - нет
    :Цел64 - нет
    :Цел32 - нет
    :Цел16 - нет
    :Цел8 - нет
    :Лог - нет

:Локальные массивы

    :Cтр - нет
    :Вещ64 - нет
    :Вещ32 - нет
    :Цел64 - нет
    :Цел32 - нет
    :Цел16 - нет
    :Цел8 - нет
    :Лог - нет

:Глобальные константы

    :Cтр - нет
    :Вещ64 - нет
    :Вещ32 - нет
    :Цел64 - нет
    :Цел32 - нет
    :Цел16 - нет
    :Цел8 - нет
    :Лог - нет

:Локальные константы

    :Cтр - нет
    :Вещ64 - нет
    :Вещ32 - нет
    :Цел64 - нет
    :Цел32 - нет
    :Цел16 - нет
    :Цел8 - нет
    :Лог - нет

:Последовательности

    :Имена - _msuId
    :_msuId - [ 110...112 ] всего элементов 3

:***************************************************************************************************

:Функция GetTimerState

:Общая статистика

    :Всего переменных БД - 0
    :Всего переменных ВА - 0
    :Всего переменных АВ - 0
    :Всего переменных ВД - 0
    :Всего переменных ДВ - 0
    :Всего переменных РВ - 0
    :Всего внутренних переменных - 8
    :Всего переменных ПВ - 0
    :Всего переменных ПЦ - 0
    :Всего переменных ПЛ - 0
    :Всего переменных ТС - 4
    :Всего переменных ТМ - 4
    :Всего переменных ТЧ - 0
    :Всего глобальных переменных - 0
    :Всего локальных переменных - 3
    :Всего глобальных массивов - 0
    :Всего локальных массивов - 0
    :Всего глобальных констант - 0
    :Всего локальных констант - 0
    :Всего последовательностей - 1
    :Всего вызовов процедур - 0
    :Всего вызовов функций - 0

:Переменные БД

    :ВА - нет
    :АВ - нет
    :ВД - нет
    :ДВ - нет
    :РВ - нет

:Внутренние переменные

    :ПВ - нет
    :ПЦ - нет
    :ПЛ - нет
    :ТС - 250...253
    :ТМ - 250...253
    :ТЧ - нет

:Глобальные переменные

    :Cтр - нет
    :Вещ64 - нет
    :Вещ32 - нет
    :Цел64 - нет
    :Цел32 - нет
    :Цел16 - нет
    :Цел8 - нет
    :Лог - нет

:Локальные переменные

    :Cтр - нет
    :Вещ64 - нет
    :Вещ32 - timerState
    :Цел64 - нет
    :Цел32 - нет
    :Цел16 - timerId, timerType
    :Цел8 - нет
    :Лог - нет

:Глобальные массивы

    :Cтр - нет
    :Вещ64 - нет
    :Вещ32 - нет
    :Цел64 - нет
    :Цел32 - нет
    :Цел16 - нет
    :Цел8 - нет
    :Лог - нет

:Локальные массивы

    :Cтр - нет
    :Вещ64 - нет
    :Вещ32 - нет
    :Цел64 - нет
    :Цел32 - нет
    :Цел16 - нет
    :Цел8 - нет
    :Лог - нет

:Глобальные константы

    :Cтр - нет
    :Вещ64 - нет
    :Вещ32 - нет
    :Цел64 - нет
    :Цел32 - нет
    :Цел16 - нет
    :Цел8 - нет
    :Лог - нет

:Локальные константы

    :Cтр - нет
    :Вещ64 - нет
    :Вещ32 - нет
    :Цел64 - нет
    :Цел32 - нет
    :Цел16 - нет
    :Цел8 - нет
    :Лог - нет

:Последовательности

    :Имена - _timerId
    :_timerId - [ 250...253 ] всего элементов 4

:***************************************************************************************************

:Функция RelaysTurnOff

:Общая статистика

    :Всего переменных БД - 0
    :Всего переменных ВА - 0
    :Всего переменных АВ - 0
    :Всего переменных ВД - 0
    :Всего переменных ДВ - 0
    :Всего переменных РВ - 0
    :Всего внутренних переменных - 0
    :Всего переменных ПВ - 0
    :Всего переменных ПЦ - 0
    :Всего переменных ПЛ - 0
    :Всего переменных ТС - 0
    :Всего переменных ТМ - 0
    :Всего переменных ТЧ - 0
    :Всего глобальных переменных - 0
    :Всего локальных переменных - 1
    :Всего глобальных массивов - 0
    :Всего локальных массивов - 0
    :Всего глобальных констант - 0
    :Всего локальных констант - 0
    :Всего последовательностей - 0
    :Всего вызовов процедур - 0
    :Всего вызовов функций - 1

:Переменные БД

    :ВА - нет
    :АВ - нет
    :ВД - нет
    :ДВ - нет
    :РВ - нет

:Внутренние переменные

    :ПВ - нет
    :ПЦ - нет
    :ПЛ - нет
    :ТС - нет
    :ТМ - нет
    :ТЧ - нет

:Глобальные переменные

    :Cтр - нет
    :Вещ64 - нет
    :Вещ32 - нет
    :Цел64 - нет
    :Цел32 - нет
    :Цел16 - нет
    :Цел8 - нет
    :Лог - нет

:Локальные переменные

    :Cтр - нет
    :Вещ64 - нет
    :Вещ32 - нет
    :Цел64 - нет
    :Цел32 - нет
    :Цел16 - relaysId
    :Цел8 - нет
    :Лог - нет

:Глобальные массивы

    :Cтр - нет
    :Вещ64 - нет
    :Вещ32 - нет
    :Цел64 - нет
    :Цел32 - нет
    :Цел16 - нет
    :Цел8 - нет
    :Лог - нет

:Локальные массивы

    :Cтр - нет
    :Вещ64 - нет
    :Вещ32 - нет
    :Цел64 - нет
    :Цел32 - нет
    :Цел16 - нет
    :Цел8 - нет
    :Лог - нет

:Глобальные константы

    :Cтр - нет
    :Вещ64 - нет
    :Вещ32 - нет
    :Цел64 - нет
    :Цел32 - нет
    :Цел16 - нет
    :Цел8 - нет
    :Лог - нет

:Локальные константы

    :Cтр - нет
    :Вещ64 - нет
    :Вещ32 - нет
    :Цел64 - нет
    :Цел32 - нет
    :Цел16 - нет
    :Цел8 - нет
    :Лог - нет

:Вызовы функций

    :_RelaysSetState

:***************************************************************************************************

:Функция RelaysTurnOn

:Общая статистика

    :Всего переменных БД - 0
    :Всего переменных ВА - 0
    :Всего переменных АВ - 0
    :Всего переменных ВД - 0
    :Всего переменных ДВ - 0
    :Всего переменных РВ - 0
    :Всего внутренних переменных - 0
    :Всего переменных ПВ - 0
    :Всего переменных ПЦ - 0
    :Всего переменных ПЛ - 0
    :Всего переменных ТС - 0
    :Всего переменных ТМ - 0
    :Всего переменных ТЧ - 0
    :Всего глобальных переменных - 0
    :Всего локальных переменных - 1
    :Всего глобальных массивов - 0
    :Всего локальных массивов - 0
    :Всего глобальных констант - 0
    :Всего локальных констант - 0
    :Всего последовательностей - 0
    :Всего вызовов процедур - 0
    :Всего вызовов функций - 1

:Переменные БД

    :ВА - нет
    :АВ - нет
    :ВД - нет
    :ДВ - нет
    :РВ - нет

:Внутренние переменные

    :ПВ - нет
    :ПЦ - нет
    :ПЛ - нет
    :ТС - нет
    :ТМ - нет
    :ТЧ - нет

:Глобальные переменные

    :Cтр - нет
    :Вещ64 - нет
    :Вещ32 - нет
    :Цел64 - нет
    :Цел32 - нет
    :Цел16 - нет
    :Цел8 - нет
    :Лог - нет

:Локальные переменные

    :Cтр - нет
    :Вещ64 - нет
    :Вещ32 - нет
    :Цел64 - нет
    :Цел32 - нет
    :Цел16 - relaysId
    :Цел8 - нет
    :Лог - нет

:Глобальные массивы

    :Cтр - нет
    :Вещ64 - нет
    :Вещ32 - нет
    :Цел64 - нет
    :Цел32 - нет
    :Цел16 - нет
    :Цел8 - нет
    :Лог - нет

:Локальные массивы

    :Cтр - нет
    :Вещ64 - нет
    :Вещ32 - нет
    :Цел64 - нет
    :Цел32 - нет
    :Цел16 - нет
    :Цел8 - нет
    :Лог - нет

:Глобальные константы

    :Cтр - нет
    :Вещ64 - нет
    :Вещ32 - нет
    :Цел64 - нет
    :Цел32 - нет
    :Цел16 - нет
    :Цел8 - нет
    :Лог - нет

:Локальные константы

    :Cтр - нет
    :Вещ64 - нет
    :Вещ32 - нет
    :Цел64 - нет
    :Цел32 - нет
    :Цел16 - нет
    :Цел8 - нет
    :Лог - нет

:Вызовы функций

    :_RelaysSetState

:***************************************************************************************************

:Функция SMKStateRead

:Общая статистика

    :Всего переменных БД - 0
    :Всего переменных ВА - 0
    :Всего переменных АВ - 0
    :Всего переменных ВД - 0
    :Всего переменных ДВ - 0
    :Всего переменных РВ - 0
    :Всего внутренних переменных - 1
    :Всего переменных ПВ - 0
    :Всего переменных ПЦ - 1
    :Всего переменных ПЛ - 0
    :Всего переменных ТС - 0
    :Всего переменных ТМ - 0
    :Всего переменных ТЧ - 0
    :Всего глобальных переменных - 0
    :Всего локальных переменных - 2
    :Всего глобальных массивов - 0
    :Всего локальных массивов - 0
    :Всего глобальных констант - 0
    :Всего локальных констант - 0
    :Всего последовательностей - 1
    :Всего вызовов процедур - 0
    :Всего вызовов функций - 0

:Переменные БД

    :ВА - нет
    :АВ - нет
    :ВД - нет
    :ДВ - нет
    :РВ - нет

:Внутренние переменные

    :ПВ - нет
    :ПЦ - 150
    :ПЛ - нет
    :ТС - нет
    :ТМ - нет
    :ТЧ - нет

:Глобальные переменные

    :Cтр - нет
    :Вещ64 - нет
    :Вещ32 - нет
    :Цел64 - нет
    :Цел32 - нет
    :Цел16 - нет
    :Цел8 - нет
    :Лог - нет

:Локальные переменные

    :Cтр - нет
    :Вещ64 - нет
    :Вещ32 - нет
    :Цел64 - нет
    :Цел32 - нет
    :Цел16 - smkId, smkState
    :Цел8 - нет
    :Лог - нет

:Глобальные массивы

    :Cтр - нет
    :Вещ64 - нет
    :Вещ32 - нет
    :Цел64 - нет
    :Цел32 - нет
    :Цел16 - нет
    :Цел8 - нет
    :Лог - нет

:Локальные массивы

    :Cтр - нет
    :Вещ64 - нет
    :Вещ32 - нет
    :Цел64 - нет
    :Цел32 - нет
    :Цел16 - нет
    :Цел8 - нет
    :Лог - нет

:Глобальные константы

    :Cтр - нет
    :Вещ64 - нет
    :Вещ32 - нет
    :Цел64 - нет
    :Цел32 - нет
    :Цел16 - нет
    :Цел8 - нет
    :Лог - нет

:Локальные константы

    :Cтр - нет
    :Вещ64 - нет
    :Вещ32 - нет
    :Цел64 - нет
    :Цел32 - нет
    :Цел16 - нет
    :Цел8 - нет
    :Лог - нет

:Последовательности

    :Имена - _smkId
    :_smkId - [ 150 ] всего элементов 1

:***************************************************************************************************

:Функция SetTimerState

:Общая статистика

    :Всего переменных БД - 0
    :Всего переменных ВА - 0
    :Всего переменных АВ - 0
    :Всего переменных ВД - 0
    :Всего переменных ДВ - 0
    :Всего переменных РВ - 0
    :Всего внутренних переменных - 8
    :Всего переменных ПВ - 0
    :Всего переменных ПЦ - 0
    :Всего переменных ПЛ - 0
    :Всего переменных ТС - 4
    :Всего переменных ТМ - 4
    :Всего переменных ТЧ - 0
    :Всего глобальных переменных - 0
    :Всего локальных переменных - 3
    :Всего глобальных массивов - 0
    :Всего локальных массивов - 0
    :Всего глобальных констант - 0
    :Всего локальных констант - 0
    :Всего последовательностей - 1
    :Всего вызовов процедур - 0
    :Всего вызовов функций - 0

:Переменные БД

    :ВА - нет
    :АВ - нет
    :ВД - нет
    :ДВ - нет
    :РВ - нет

:Внутренние переменные

    :ПВ - нет
    :ПЦ - нет
    :ПЛ - нет
    :ТС - 250...253
    :ТМ - 250...253
    :ТЧ - нет

:Глобальные переменные

    :Cтр - нет
    :Вещ64 - нет
    :Вещ32 - нет
    :Цел64 - нет
    :Цел32 - нет
    :Цел16 - нет
    :Цел8 - нет
    :Лог - нет

:Локальные переменные

    :Cтр - нет
    :Вещ64 - нет
    :Вещ32 - timerState
    :Цел64 - нет
    :Цел32 - нет
    :Цел16 - timerId, timerType
    :Цел8 - нет
    :Лог - нет

:Глобальные массивы

    :Cтр - нет
    :Вещ64 - нет
    :Вещ32 - нет
    :Цел64 - нет
    :Цел32 - нет
    :Цел16 - нет
    :Цел8 - нет
    :Лог - нет

:Локальные массивы

    :Cтр - нет
    :Вещ64 - нет
    :Вещ32 - нет
    :Цел64 - нет
    :Цел32 - нет
    :Цел16 - нет
    :Цел8 - нет
    :Лог - нет

:Глобальные константы

    :Cтр - нет
    :Вещ64 - нет
    :Вещ32 - нет
    :Цел64 - нет
    :Цел32 - нет
    :Цел16 - нет
    :Цел8 - нет
    :Лог - нет

:Локальные константы

    :Cтр - нет
    :Вещ64 - нет
    :Вещ32 - нет
    :Цел64 - нет
    :Цел32 - нет
    :Цел16 - нет
    :Цел8 - нет
    :Лог - нет

:Последовательности

    :Имена - _timerId
    :_timerId - [ 250...253 ] всего элементов 4

:***************************************************************************************************

:Функция TimerRestart

:Общая статистика

    :Всего переменных БД - 0
    :Всего переменных ВА - 0
    :Всего переменных АВ - 0
    :Всего переменных ВД - 0
    :Всего переменных ДВ - 0
    :Всего переменных РВ - 0
    :Всего внутренних переменных - 8
    :Всего переменных ПВ - 0
    :Всего переменных ПЦ - 0
    :Всего переменных ПЛ - 0
    :Всего переменных ТС - 4
    :Всего переменных ТМ - 4
    :Всего переменных ТЧ - 0
    :Всего глобальных переменных - 0
    :Всего локальных переменных - 2
    :Всего глобальных массивов - 0
    :Всего локальных массивов - 0
    :Всего глобальных констант - 0
    :Всего локальных констант - 0
    :Всего последовательностей - 1
    :Всего вызовов процедур - 0
    :Всего вызовов функций - 0

:Переменные БД

    :ВА - нет
    :АВ - нет
    :ВД - нет
    :ДВ - нет
    :РВ - нет

:Внутренние переменные

    :ПВ - нет
    :ПЦ - нет
    :ПЛ - нет
    :ТС - 250...253
    :ТМ - 250...253
    :ТЧ - нет

:Глобальные переменные

    :Cтр - нет
    :Вещ64 - нет
    :Вещ32 - нет
    :Цел64 - нет
    :Цел32 - нет
    :Цел16 - нет
    :Цел8 - нет
    :Лог - нет

:Локальные переменные

    :Cтр - нет
    :Вещ64 - нет
    :Вещ32 - нет
    :Цел64 - нет
    :Цел32 - нет
    :Цел16 - timerId, timerType
    :Цел8 - нет
    :Лог - нет

:Глобальные массивы

    :Cтр - нет
    :Вещ64 - нет
    :Вещ32 - нет
    :Цел64 - нет
    :Цел32 - нет
    :Цел16 - нет
    :Цел8 - нет
    :Лог - нет

:Локальные массивы

    :Cтр - нет
    :Вещ64 - нет
    :Вещ32 - нет
    :Цел64 - нет
    :Цел32 - нет
    :Цел16 - нет
    :Цел8 - нет
    :Лог - нет

:Глобальные константы

    :Cтр - нет
    :Вещ64 - нет
    :Вещ32 - нет
    :Цел64 - нет
    :Цел32 - нет
    :Цел16 - нет
    :Цел8 - нет
    :Лог - нет

:Локальные константы

    :Cтр - нет
    :Вещ64 - нет
    :Вещ32 - нет
    :Цел64 - нет
    :Цел32 - нет
    :Цел16 - нет
    :Цел8 - нет
    :Лог - нет

:Последовательности

    :Имена - _timerId
    :_timerId - [ 250...253 ] всего элементов 4

:***************************************************************************************************

:Функция TimerStart

:Общая статистика

    :Всего переменных БД - 0
    :Всего переменных ВА - 0
    :Всего переменных АВ - 0
    :Всего переменных ВД - 0
    :Всего переменных ДВ - 0
    :Всего переменных РВ - 0
    :Всего внутренних переменных - 8
    :Всего переменных ПВ - 0
    :Всего переменных ПЦ - 0
    :Всего переменных ПЛ - 0
    :Всего переменных ТС - 4
    :Всего переменных ТМ - 4
    :Всего переменных ТЧ - 0
    :Всего глобальных переменных - 0
    :Всего локальных переменных - 2
    :Всего глобальных массивов - 0
    :Всего локальных массивов - 0
    :Всего глобальных констант - 0
    :Всего локальных констант - 0
    :Всего последовательностей - 1
    :Всего вызовов процедур - 0
    :Всего вызовов функций - 0

:Переменные БД

    :ВА - нет
    :АВ - нет
    :ВД - нет
    :ДВ - нет
    :РВ - нет

:Внутренние переменные

    :ПВ - нет
    :ПЦ - нет
    :ПЛ - нет
    :ТС - 250...253
    :ТМ - 250...253
    :ТЧ - нет

:Глобальные переменные

    :Cтр - нет
    :Вещ64 - нет
    :Вещ32 - нет
    :Цел64 - нет
    :Цел32 - нет
    :Цел16 - нет
    :Цел8 - нет
    :Лог - нет

:Локальные переменные

    :Cтр - нет
    :Вещ64 - нет
    :Вещ32 - нет
    :Цел64 - нет
    :Цел32 - нет
    :Цел16 - timerId, timerType
    :Цел8 - нет
    :Лог - нет

:Глобальные массивы

    :Cтр - нет
    :Вещ64 - нет
    :Вещ32 - нет
    :Цел64 - нет
    :Цел32 - нет
    :Цел16 - нет
    :Цел8 - нет
    :Лог - нет

:Локальные массивы

    :Cтр - нет
    :Вещ64 - нет
    :Вещ32 - нет
    :Цел64 - нет
    :Цел32 - нет
    :Цел16 - нет
    :Цел8 - нет
    :Лог - нет

:Глобальные константы

    :Cтр - нет
    :Вещ64 - нет
    :Вещ32 - нет
    :Цел64 - нет
    :Цел32 - нет
    :Цел16 - нет
    :Цел8 - нет
    :Лог - нет

:Локальные константы

    :Cтр - нет
    :Вещ64 - нет
    :Вещ32 - нет
    :Цел64 - нет
    :Цел32 - нет
    :Цел16 - нет
    :Цел8 - нет
    :Лог - нет

:Последовательности

    :Имена - _timerId
    :_timerId - [ 250...253 ] всего элементов 4

:***************************************************************************************************

:Функция TimerStope

:Общая статистика

    :Всего переменных БД - 0
    :Всего переменных ВА - 0
    :Всего переменных АВ - 0
    :Всего переменных ВД - 0
    :Всего переменных ДВ - 0
    :Всего переменных РВ - 0
    :Всего внутренних переменных - 8
    :Всего переменных ПВ - 0
    :Всего переменных ПЦ - 0
    :Всего переменных ПЛ - 0
    :Всего переменных ТС - 4
    :Всего переменных ТМ - 4
    :Всего переменных ТЧ - 0
    :Всего глобальных переменных - 0
    :Всего локальных переменных - 2
    :Всего глобальных массивов - 0
    :Всего локальных массивов - 0
    :Всего глобальных констант - 0
    :Всего локальных констант - 0
    :Всего последовательностей - 1
    :Всего вызовов процедур - 0
    :Всего вызовов функций - 0

:Переменные БД

    :ВА - нет
    :АВ - нет
    :ВД - нет
    :ДВ - нет
    :РВ - нет

:Внутренние переменные

    :ПВ - нет
    :ПЦ - нет
    :ПЛ - нет
    :ТС - 250...253
    :ТМ - 250...253
    :ТЧ - нет

:Глобальные переменные

    :Cтр - нет
    :Вещ64 - нет
    :Вещ32 - нет
    :Цел64 - нет
    :Цел32 - нет
    :Цел16 - нет
    :Цел8 - нет
    :Лог - нет

:Локальные переменные

    :Cтр - нет
    :Вещ64 - нет
    :Вещ32 - нет
    :Цел64 - нет
    :Цел32 - нет
    :Цел16 - timerId, timerType
    :Цел8 - нет
    :Лог - нет

:Глобальные массивы

    :Cтр - нет
    :Вещ64 - нет
    :Вещ32 - нет
    :Цел64 - нет
    :Цел32 - нет
    :Цел16 - нет
    :Цел8 - нет
    :Лог - нет

:Локальные массивы

    :Cтр - нет
    :Вещ64 - нет
    :Вещ32 - нет
    :Цел64 - нет
    :Цел32 - нет
    :Цел16 - нет
    :Цел8 - нет
    :Лог - нет

:Глобальные константы

    :Cтр - нет
    :Вещ64 - нет
    :Вещ32 - нет
    :Цел64 - нет
    :Цел32 - нет
    :Цел16 - нет
    :Цел8 - нет
    :Лог - нет

:Локальные константы

    :Cтр - нет
    :Вещ64 - нет
    :Вещ32 - нет
    :Цел64 - нет
    :Цел32 - нет
    :Цел16 - нет
    :Цел8 - нет
    :Лог - нет

:Последовательности

    :Имена - _timerId
    :_timerId - [ 250...253 ] всего элементов 4

:***************************************************************************************************

:Функция _RelaysSetState

:Общая статистика

    :Всего переменных БД - 0
    :Всего переменных ВА - 0
    :Всего переменных АВ - 0
    :Всего переменных ВД - 0
    :Всего переменных ДВ - 0
    :Всего переменных РВ - 0
    :Всего внутренних переменных - 2
    :Всего переменных ПВ - 0
    :Всего переменных ПЦ - 0
    :Всего переменных ПЛ - 2
    :Всего переменных ТС - 0
    :Всего переменных ТМ - 0
    :Всего переменных ТЧ - 0
    :Всего глобальных переменных - 0
    :Всего локальных переменных - 2
    :Всего глобальных массивов - 0
    :Всего локальных массивов - 0
    :Всего глобальных констант - 0
    :Всего локальных констант - 0
    :Всего последовательностей - 1
    :Всего вызовов процедур - 0
    :Всего вызовов функций - 0

:Переменные БД

    :ВА - нет
    :АВ - нет
    :ВД - нет
    :ДВ - нет
    :РВ - нет

:Внутренние переменные

    :ПВ - нет
    :ПЦ - нет
    :ПЛ - 100, 101
    :ТС - нет
    :ТМ - нет
    :ТЧ - нет

:Глобальные переменные

    :Cтр - нет
    :Вещ64 - нет
    :Вещ32 - нет
    :Цел64 - нет
    :Цел32 - нет
    :Цел16 - нет
    :Цел8 - нет
    :Лог - нет

:Локальные переменные

    :Cтр - нет
    :Вещ64 - нет
    :Вещ32 - нет
    :Цел64 - нет
    :Цел32 - нет
    :Цел16 - relaysId
    :Цел8 - нет
    :Лог - state

:Глобальные массивы

    :Cтр - нет
    :Вещ64 - нет
    :Вещ32 - нет
    :Цел64 - нет
    :Цел32 - нет
    :Цел16 - нет
    :Цел8 - нет
    :Лог - нет

:Локальные массивы

    :Cтр - нет
    :Вещ64 - нет
    :Вещ32 - нет
    :Цел64 - нет
    :Цел32 - нет
    :Цел16 - нет
    :Цел8 - нет
    :Лог - нет

:Глобальные константы

    :Cтр - нет
    :Вещ64 - нет
    :Вещ32 - нет
    :Цел64 - нет
    :Цел32 - нет
    :Цел16 - нет
    :Цел8 - нет
    :Лог - нет

:Локальные константы

    :Cтр - нет
    :Вещ64 - нет
    :Вещ32 - нет
    :Цел64 - нет
    :Цел32 - нет
    :Цел16 - нет
    :Цел8 - нет
    :Лог - нет

:Последовательности

    :Имена - _relaysId
    :_relaysId - [ 100...101 ] всего элементов 2

:***************************************************************************************************

:Функция isMotionSensorActive

:Общая статистика

    :Всего переменных БД - 1
    :Всего переменных ВА - 0
    :Всего переменных АВ - 0
    :Всего переменных ВД - 0
    :Всего переменных ДВ - 0
    :Всего переменных РВ - 1
    :Всего внутренних переменных - 0
    :Всего переменных ПВ - 0
    :Всего переменных ПЦ - 0
    :Всего переменных ПЛ - 0
    :Всего переменных ТС - 0
    :Всего переменных ТМ - 0
    :Всего переменных ТЧ - 0
    :Всего глобальных переменных - 0
    :Всего локальных переменных - 2
    :Всего глобальных массивов - 0
    :Всего локальных массивов - 0
    :Всего глобальных констант - 0
    :Всего локальных констант - 0
    :Всего последовательностей - 1
    :Всего вызовов процедур - 0
    :Всего вызовов функций - 0

:Переменные БД

    :ВА - нет
    :АВ - нет
    :ВД - нет
    :ДВ - нет
    :РВ - 100

:Внутренние переменные

    :ПВ - нет
    :ПЦ - нет
    :ПЛ - нет
    :ТС - нет
    :ТМ - нет
    :ТЧ - нет

:Глобальные переменные

    :Cтр - нет
    :Вещ64 - нет
    :Вещ32 - нет
    :Цел64 - нет
    :Цел32 - нет
    :Цел16 - нет
    :Цел8 - нет
    :Лог - нет

:Локальные переменные

    :Cтр - нет
    :Вещ64 - нет
    :Вещ32 - нет
    :Цел64 - нет
    :Цел32 - нет
    :Цел16 - sensorId
    :Цел8 - нет
    :Лог - sensorState

:Глобальные массивы

    :Cтр - нет
    :Вещ64 - нет
    :Вещ32 - нет
    :Цел64 - нет
    :Цел32 - нет
    :Цел16 - нет
    :Цел8 - нет
    :Лог - нет

:Локальные массивы

    :Cтр - нет
    :Вещ64 - нет
    :Вещ32 - нет
    :Цел64 - нет
    :Цел32 - нет
    :Цел16 - нет
    :Цел8 - нет
    :Лог - нет

:Глобальные константы

    :Cтр - нет
    :Вещ64 - нет
    :Вещ32 - нет
    :Цел64 - нет
    :Цел32 - нет
    :Цел16 - нет
    :Цел8 - нет
    :Лог - нет

:Локальные константы

    :Cтр - нет
    :Вещ64 - нет
    :Вещ32 - нет
    :Цел64 - нет
    :Цел32 - нет
    :Цел16 - нет
    :Цел8 - нет
    :Лог - нет

:Последовательности

    :Имена - _sensorId
    :_sensorId - [ 100 ] всего элементов 1

:***************************************************************************************************

:Функция isSMKOpen

:Общая статистика

    :Всего переменных БД - 0
    :Всего переменных ВА - 0
    :Всего переменных АВ - 0
    :Всего переменных ВД - 0
    :Всего переменных ДВ - 0
    :Всего переменных РВ - 0
    :Всего внутренних переменных - 0
    :Всего переменных ПВ - 0
    :Всего переменных ПЦ - 0
    :Всего переменных ПЛ - 0
    :Всего переменных ТС - 0
    :Всего переменных ТМ - 0
    :Всего переменных ТЧ - 0
    :Всего глобальных переменных - 0
    :Всего локальных переменных - 2
    :Всего глобальных массивов - 0
    :Всего локальных массивов - 0
    :Всего глобальных констант - 0
    :Всего локальных констант - 1
    :Всего последовательностей - 0
    :Всего вызовов процедур - 0
    :Всего вызовов функций - 1

:Переменные БД

    :ВА - нет
    :АВ - нет
    :ВД - нет
    :ДВ - нет
    :РВ - нет

:Внутренние переменные

    :ПВ - нет
    :ПЦ - нет
    :ПЛ - нет
    :ТС - нет
    :ТМ - нет
    :ТЧ - нет

:Глобальные переменные

    :Cтр - нет
    :Вещ64 - нет
    :Вещ32 - нет
    :Цел64 - нет
    :Цел32 - нет
    :Цел16 - нет
    :Цел8 - нет
    :Лог - нет

:Локальные переменные

    :Cтр - нет
    :Вещ64 - нет
    :Вещ32 - нет
    :Цел64 - нет
    :Цел32 - нет
    :Цел16 - smkId
    :Цел8 - нет
    :Лог - _isSMKOpen

:Глобальные массивы

    :Cтр - нет
    :Вещ64 - нет
    :Вещ32 - нет
    :Цел64 - нет
    :Цел32 - нет
    :Цел16 - нет
    :Цел8 - нет
    :Лог - нет

:Локальные массивы

    :Cтр - нет
    :Вещ64 - нет
    :Вещ32 - нет
    :Цел64 - нет
    :Цел32 - нет
    :Цел16 - нет
    :Цел8 - нет
    :Лог - нет

:Глобальные константы

    :Cтр - нет
    :Вещ64 - нет
    :Вещ32 - нет
    :Цел64 - нет
    :Цел32 - нет
    :Цел16 - нет
    :Цел8 - нет
    :Лог - нет

:Локальные константы

    :Cтр - нет
    :Вещ64 - нет
    :Вещ32 - нет
    :Цел64 - нет
    :Цел32 - нет
    :Цел16 - SMK_STATE_OPEN = 9263
    :Цел8 - нет
    :Лог - нет

:Вызовы функций

    :SMKStateRead

:***************************************************************************************************
